2025-08-19 13:15:45,202 - INFO - Output folder created: ..\20250819_Improved_PDF_Highlighting
2025-08-19 13:15:45,202 - INFO - ============================================================
2025-08-19 13:15:45,202 - INFO - STARTING IMPROVED PDF DIRECT HIGHLIGHTING
2025-08-19 13:15:45,202 - INFO - ============================================================
2025-08-19 13:15:45,202 - INFO - Loading data from ../20250819_Analysis & Results/20250819_combined_dataset.csv
2025-08-19 13:15:45,422 - INFO - Extracting terms from dataset with improved cleaning...
2025-08-19 13:15:45,473 - INFO -   Geographic: 67 terms
2025-08-19 13:15:45,473 - INFO -   Quantitative: 71 terms
2025-08-19 13:15:45,473 - INFO -   Methods: 168 terms
2025-08-19 13:15:45,473 - INFO -   Crime-related: 66 terms
2025-08-19 13:15:45,473 - INFO -   Statistical: 15 terms
2025-08-19 13:15:45,473 - INFO -   Other: 617 terms
2025-08-19 13:15:45,480 - INFO - Starting processing of 51 PDF files...
2025-08-19 13:15:45,480 - INFO - 
[1/51] Processing: 01_a_discrete_spatial_choice_model_of_burglary_target.pdf
2025-08-19 13:15:45,483 - INFO - Processing 01_a_discrete_spatial_choice_model_of_burglary_target.pdf (11 pages)
2025-08-19 13:17:07,937 - INFO - 
[2/51] Processing: 02_residential_burglary_target_selection_property_level.pdf
2025-08-19 13:17:07,937 - INFO - Processing 02_residential_burglary_target_selection_property_level.pdf (8 pages)
2025-08-19 13:18:31,367 - INFO - 
[3/51] Processing: 03_graffiti_writers_choose_locations_that_optimize_exposure.pdf
2025-08-19 13:18:31,372 - INFO - Processing 03_graffiti_writers_choose_locations_that_optimize_exposure.pdf (27 pages)
2025-08-19 13:20:11,404 - INFO - 
[4/51] Processing: 04_where_do_dealers_solicit_customers_and_sell_them_drugs.pdf
2025-08-19 13:20:11,442 - INFO - Processing 04_where_do_dealers_solicit_customers_and_sell_them_drugs.pdf (33 pages)
2025-08-19 13:22:30,794 - INFO - 
[5/51] Processing: 05_go_where_the_money_is_modeling_street_robbers_lo.pdf
2025-08-19 13:22:30,836 - INFO - Processing 05_go_where_the_money_is_modeling_street_robbers_lo.pdf (25 pages)
2025-08-19 13:24:45,926 - INFO - 
[6/51] Processing: 06_do_street_robbery_location_choices_vary_over_time.pdf
2025-08-19 13:24:45,983 - INFO - Processing 06_do_street_robbery_location_choices_vary_over_time.pdf (32 pages)
2025-08-19 13:27:33,521 - INFO - 
[7/51] Processing: 07_the usefulness of past crime data as an attractive.pdf
2025-08-19 13:27:33,602 - INFO - Processing 07_the usefulness of past crime data as an attractive.pdf (14 pages)
2025-08-19 13:29:07,944 - INFO - 
[8/51] Processing: 08_role_of_the_street_network_in_burglars_spatial_de.pdf
2025-08-19 13:29:07,974 - INFO - Processing 08_role_of_the_street_network_in_burglars_spatial_de.pdf (33 pages)
2025-08-19 13:32:11,679 - INFO - 
[9/51] Processing: 09_discrete_choice_analysis_of_spatial_attack_sites_1.pdf
2025-08-19 13:32:11,727 - INFO - Processing 09_discrete_choice_analysis_of_spatial_attack_sites_1.pdf (20 pages)
2025-08-19 13:33:55,976 - INFO - 
[10/51] Processing: 10_adolescent_offenders_current_whereabouts_predict.pdf
2025-08-19 13:33:56,004 - INFO - Processing 10_adolescent_offenders_current_whereabouts_predict.pdf (17 pages)
