2025-08-27 11:16:11,641 - INFO - [setup_logging:124] - Fixed PDF Highlighter initialized - Log file: 20250827_fixed_pdf_highlighting.log
2025-08-27 11:16:11,642 - INFO - [process_single_study_fixed:713] - Starting fixed processing for Study 1
2025-08-27 11:16:11,648 - INFO - [process_single_study_fixed:730] - Opened PDF: 01_a_discrete_spatial_choice_model_of_burglary_target.pdf (11 pages)
2025-08-27 11:16:11,734 - INFO - [process_single_study_fixed:742] - Processing direct variables for Study 1
2025-08-27 11:16:11,766 - INFO - [process_single_study_fixed:758] -   ✓ Highlighted Model_Type: Conditional Logit Model...
2025-08-27 11:16:13,709 - INFO - [process_single_study_fixed:758] -   ✓ Highlighted Crime_Incidents: 650...
2025-08-27 11:16:16,308 - INFO - [process_single_study_fixed:758] -   ✓ Highlighted Model_Fit_Statistics: Pseudo RÂ²: 0.15
 Likelihood ratio test statistic...
2025-08-27 11:16:16,365 - INFO - [process_single_study_fixed:758] -   ✓ Highlighted Future_Suggestions: Use finegrained spatial units of analysis, such as...
2025-08-27 11:16:16,375 - INFO - [process_single_study_fixed:758] -   ✓ Highlighted Spatial_Unit_Name: house...
2025-08-27 11:16:17,647 - INFO - [process_single_study_fixed:758] -   ✓ Highlighted Crime_Type_Group: Single crime type...
2025-08-27 11:16:17,693 - INFO - [process_single_study_fixed:758] -   ✓ Highlighted Average_Population_per_Unit: 1.5 million...
2025-08-27 11:16:17,797 - INFO - [process_single_study_fixed:758] -   ✓ Highlighted Data_Sources: Belgian Federal Police
Belgian Land Registry...
2025-08-27 11:16:18,183 - INFO - [process_single_study_fixed:758] -   ✓ Highlighted Crime_Type: Residential burglary...
2025-08-27 11:16:19,150 - INFO - [process_single_study_fixed:758] -   ✓ Highlighted City: East Flanders...
2025-08-27 11:16:19,173 - INFO - [process_single_study_fixed:758] -   ✓ Highlighted Number_of_Units: 503,589...
2025-08-27 11:16:19,181 - INFO - [process_single_study_fixed:758] -   ✓ Highlighted Country: Belgium...
2025-08-27 11:16:20,673 - INFO - [process_single_study_fixed:758] -   ✓ Highlighted Software_Used: R version 3.0.2, ICTCE 5.5.0...
2025-08-27 11:16:20,676 - INFO - [process_single_study_fixed:761] - Processing supporting quotes for Study 1
2025-08-27 11:16:34,758 - INFO - [process_single_study_fixed:793] - ✅ Successfully processed Study 1 (FIXED VERSION)
2025-08-27 11:16:34,759 - INFO - [process_single_study_fixed:794] -    Highlights created: 24
2025-08-27 11:16:34,759 - INFO - [process_single_study_fixed:795] -    Quotes processed: 26
2025-08-27 11:16:34,759 - INFO - [process_single_study_fixed:796] -    Processing time: 23.12s
